06-15 01:22:03.915 24511 13867 I NearbyConnections: Lost BleEndpoint for BlePeripheral BlePeripheral{advertisement=BleAdvertisement { version=2, socketVersion=2, isFast=true, serviceIdHash=null, data=[ 0x23 0x44 0x43 0x47 0x37 0x11 0x32 0x30 0xce 0xf7 0x1e 0x6e 0x40 0x57 0xc0 0x2d 0xbc 0x6b 0x97 0xf3 0x1e 0x87 0x79 ], deviceToken=[ 0xaa 0xd5 ], rxAdvertisement=null }, dctAdvertisement=null, address=null, psm=0, deviceToken=<ByteString@8cccec2 size=2 contents="\252\325">, isSecondProfile=false, rxInstantConnectionAdv=null} (with EndpointId DCG7 and EndpointInfo [ 0x32 0x30 0xce 0xf7 0x1e 0x6e 0x40 0x57 0xc0 0x2d 0xbc 0x6b 0x97 0xf3 0x1e 0x87 0x79 ]).
06-15 01:22:03.916 24511 13867 I NearbyConnections: Unable to record lost endpoint due to null currentDiscoveryPhase
06-15 01:22:03.916 24511 13867 I NearbyConnections: ClientProxy(254425078) reporting onEndpointLost(DCG7)
06-15 01:22:03.916 24511 10286 I NearbySharing: NearbySharing Internal event EndpointLost(endpointId=GQG0)
06-15 01:22:03.917 24511 13866 I NearbySharing: NearbySharing Internal event EndpointLost(endpointId=DCG7)
06-15 01:22:03.981  1147  1258 D connsyslogger: SD_LOG_ROOT is /data/debuglogger/connsyslog/fw.
06-15 01:22:03.982  1147  1258 D connsyslogger: systemReady:1
06-15 01:22:04.026  1442  1744 D SemNscXgbMsL1: Probability - Cloud gaming: [0.04415229]
06-15 01:22:04.027  1442  1744 D SemNscXgbMsL1: Probability - Real time: [0.10864212]
06-15 01:22:04.027  1442  1744 D SemNscXgbMsL1: Probability - Non real time: [0.915227]
06-15 01:22:04.027  1442  1744 D SemNscXgbMsL1: 1 sample inference time: 1.143076 msecs
06-15 01:22:04.029  1442  1744 D SemNscXgbL2Rt: L2 RT 1 sample inference time: 2.175154 msecs
06-15 01:22:04.031  1442  1744 D SemNscXgbL2Nrt: L2 NRT 1 sample inference time: 1.475385 msecs
06-15 01:22:04.389  5349  5626 D MobileStatusTracker(0/3): onSignalStrengthsChanged signalStrength=SignalStrength:{mCdma=Invalid,mGsm=Invalid,mWcdma=Invalid,mTdscdma=Invalid,mLte=CellSignalStrengthLte: rssi=-113 rsrp=-113 rsrq=-12 rssnr=2 cqiTableIndex=2147483647 cqi=2147483647 ta=2147483647 level=2 parametersUseForLevel=0,mNr=Invalid,SignalBarInfo{ lteLevel=2 },rat=14,primary=CellSignalStrengthLte} level=2
06-15 01:22:04.391  5349  5626 D NetworkController: SignalStrength from intent slotId=0
06-15 01:22:04.427  1442  1744 I SemWifiServiceDetector: Traff. tracking suspended
06-15 01:22:04.621  1739  1739 I WifiHAL : Get link layer stats
06-15 01:22:04.621  1739  1739 I WifiHAL : GetLinkStatsCommand::create
06-15 01:22:04.621  1739  1739 D android.hardware.wifi@1.0-service-lazy: WifiRequest::create vendor command to iface 40, vendor_id=0x1a11, subcmd=0x1200, res=0
06-15 01:22:04.621  1739  1739 I android.hardware.wifi@1.0-service-lazy: WifiCommand::requestResponse err=-95
06-15 01:22:04.621  1739  1739 I WifiHAL : wifi_get_link_stats: result=-3
06-15 01:22:04.623  1442  1676 E WifiVendorHal: getWifiLinkLayerStats_1_5_Internal(l.1191) failed {.code = ERROR_NOT_SUPPORTED, .description = }
06-15 01:22:04.640  5349  5349 D NetworkController.WifiSignalController: notifyListener: visible=true, enabled=true, connected=true, inetCondition=1, isDefault=true, receivedCR=true, receivedIC=-1, shouldForceHide=false, emptyConnected=false
06-15 01:22:04.677   859   859 I BufferQueueProducer: [StatusBar$_5349#0](this:0xb4000074ac3d3948,id:-1,api:0,p:-1,c:859) queueBuffer: fps=0.22 dur=4622.30 max=4622.30 min=4622.30
06-15 01:22:04.681   786 30481 I hwcomposer: [HWCDisplay] [Display_0 (type:1)] fps:4.771330,dur:4610.87,max:3914.63,min:11.74  
06-15 01:22:04.685   859   859 I SurfaceFlinger: operator()(), mtkRenderCntDebug 5678104, screenshot (Wallpaper BBQ wrapper#0)
06-15 01:22:04.686   859   859 I SurfaceFlinger: operator()(), mtkRenderCntDebug 5678104, screenshot (com.sec.android.app.launcher/com.sec.android.app.launcher.activities.LauncherActivity$_2399#0)
06-15 01:22:04.868  1442  1458 I system_server: Background young concurrent copying GC freed 336654(16MB) AllocSpace objects, 146(4548KB) LOS objects, 11% free, 162MB/183MB, paused 566us,290us total 171.800ms
06-15 01:22:04.887  1739  1739 I WifiHAL : Get link layer stats
06-15 01:22:04.887  1739  1739 I WifiHAL : GetLinkStatsCommand::create
06-15 01:22:04.887  1739  1739 D android.hardware.wifi@1.0-service-lazy: WifiRequest::create vendor command to iface 40, vendor_id=0x1a11, subcmd=0x1200, res=0
06-15 01:22:04.887  1739  1739 I android.hardware.wifi@1.0-service-lazy: WifiCommand::requestResponse err=-95
06-15 01:22:04.887  1739  1739 I WifiHAL : wifi_get_link_stats: result=-3
06-15 01:22:04.888  1442  1754 E SemWifiVendorHal: getWifiLinkLayerStats_1_5_Internal(l.456) failed {.code = ERROR_NOT_SUPPORTED, .description = }
06-15 01:22:05.669  5349  5626 D MobileStatusTracker(0/3): onSignalStrengthsChanged signalStrength=SignalStrength:{mCdma=Invalid,mGsm=Invalid,mWcdma=Invalid,mTdscdma=Invalid,mLte=CellSignalStrengthLte: rssi=-113 rsrp=-112 rsrq=-13 rssnr=2 cqiTableIndex=2147483647 cqi=2147483647 ta=2147483647 level=2 parametersUseForLevel=0,mNr=Invalid,SignalBarInfo{ lteLevel=2 },rat=14,primary=CellSignalStrengthLte} level=2
06-15 01:22:05.672  5349  5626 D NetworkController: SignalStrength from intent slotId=0
06-15 01:22:05.754  1147  1260 D connsyslogger: idx=0 Bootup Log: 4 log files! filecount=5 
06-15 01:22:05.754  1147  1260 D connsyslogger: idx=1 Bootup Log: 4 log files! filecount=5 
06-15 01:22:05.754  1147  1260 D connsyslogger: idx=2 Bootup Log: 4 log files! filecount=5 
06-15 01:22:05.754  1147  1260 D connsyslogger: idx=3 Bootup Log: 3 log files! filecount=5 
06-15 01:22:05.756  1147  1331 I connsyslogger: thrLogWriter: LogBuf=226.171875KB,idx=1
06-15 01:22:05.894  1442  1765 D NetdEventListenerService: DNS Requested by : 895, 10526, 7
06-15 01:22:05.894 14024 14931 E msys    : E[N mns:DGWClient]_LogError(304)=>Failed to resolve using system DNS resolver, getaddrinfo(): No address associated with hostname
06-15 01:22:05.900  1739  1739 I WifiHAL : Get link layer stats
06-15 01:22:05.901  1739  1739 I WifiHAL : GetLinkStatsCommand::create
06-15 01:22:05.901  1739  1739 D android.hardware.wifi@1.0-service-lazy: WifiRequest::create vendor command to iface 40, vendor_id=0x1a11, subcmd=0x1200, res=0
06-15 01:22:05.901  1739  1739 I android.hardware.wifi@1.0-service-lazy: WifiCommand::requestResponse err=-95
06-15 01:22:05.901  1739  1739 I WifiHAL : wifi_get_link_stats: result=-3
06-15 01:22:05.901  1442  1754 E SemWifiVendorHal: getWifiLinkLayerStats_1_5_Internal(l.456) failed {.code = ERROR_NOT_SUPPORTED, .description = }
06-15 01:22:05.903 14024 14931 E msys    : E[N mns:DGWClient]_LogError(304)=>Failed to resolve using system DNS resolver, getaddrinfo(): No address associated with hostname
06-15 01:22:05.903  1442  1765 D NetdEventListenerService: DNS Requested by : 895, 10526, 7
06-15 01:22:05.982  1147  1258 D connsyslogger: SD_LOG_ROOT is /data/debuglogger/connsyslog/fw.
06-15 01:22:05.982  1147  1258 D connsyslogger: systemReady:1
06-15 01:22:05.991  1442  1765 D NetdEventListenerService: DNS Requested by : 895, 10526, 7
06-15 01:22:05.992 14024 14931 E msys    : E[N mns:DGWClient]_LogError(304)=>Failed to resolve using system DNS resolver, getaddrinfo(): No address associated with hostname
06-15 01:22:06.532  2051  2181 D BtGatt.GattService: onScanResult to scannerId: 6- eventType=0x10, addressType=1, address=39B36F_E, primaryPhy=1, secondaryPhy=0, advertisingSid=0xff, txPower=127, rssi=-94, periodicAdvInt=0x0
06-15 01:22:06.534 24511 13866 I NearbyConnections: Found BleAdvertisement [ 0x23 0x47 0x51 0x47 0x30 0x11 0x32 0x4e 0xd4 0x6a 0x22 0xb6 0x08 0xad 0x1e 0x56 0x39 0xf7 0xa6 0x78 0x2d 0xff 0x0d ] (with EndpointId GQG0 and EndpointInfo [ 0x32 0x4e 0xd4 0x6a 0x22 0xb6 0x08 0xad 0x1e 0x56 0x39 0xf7 0xa6 0x78 0x2d 0xff 0x0d ])
06-15 01:22:06.535 24511 13866 I NearbyConnections: Unable to record discovered endpoint due to null currentDiscoveryPhase
06-15 01:22:06.535 24511 13866 I NearbyConnections: ClientProxy(254425078 0p:com.google.android.gms.nearby.sharing) reporting onEndpointFound(GQG0)
06-15 01:22:06.535 24511 13866 I NearbyConnections: ClientProxy(254425078) reporting onEndpointDistanceChanged(GQG0, UNKNOWN)
06-15 01:22:06.536 24511 13867 I NearbySharing: NearbySharing Internal event EndpointDiscovered(endpointId=GQG0)
